Soham@LAPTOP-45455JQ2 MINGW64 ~/Desktop/Cloud Computing (feature-branch)
$ mkdir devops-assignment3

Soham@LAPTOP-45455JQ2 MINGW64 ~/Desktop/Cloud Computing (feature-branch)
$ cd devops-assignment3

Soham@LAPTOP-45455JQ2 MINGW64 ~/Desktop/Cloud Computing/devops-assignment3 (feature-branch)
$ git init
Initialized empty Git repository in C:/Users/Soham/Desktop/Cloud Computing/devops-assignment3/.git/

Soham@LAPTOP-45455JQ2 MINGW64 ~/Desktop/Cloud Computing/devops-assignment3 (master)
$ echo "# Devops Assignment 3" > README.md

Soham@LAPTOP-45455JQ2 MINGW64 ~/Desktop/Cloud Computing/devops-assignment3 (master)
$ git add README.md
warning: in the working copy of 'README.md', LF will be replaced by CRLF the next time Git touches it

Soham@LAPTOP-45455JQ2 MINGW64 ~/Desktop/Cloud Computing/devops-assignment3 (master)
$ git commit -m"Initial commit"
[master (root-commit) a7d15e2] Initial commit
 1 file changed, 1 insertion(+)
 create mode 100644 README.md

Soham@LAPTOP-45455JQ2 MINGW64 ~/Desktop/Cloud Computing/devops-assignment3 (master)
$ echo "This is file1" >file1.txt

Soham@LAPTOP-45455JQ2 MINGW64 ~/Desktop/Cloud Computing/devops-assignment3 (master)
$ echo "This is file2" >file.txt

Soham@LAPTOP-45455JQ2 MINGW64 ~/Desktop/Cloud Computing/devops-assignment3 (master)
$ git add file1.txt
warning: in the working copy of 'file1.txt', LF will be replaced by CRLF the next time Git touches it

Soham@LAPTOP-45455JQ2 MINGW64 ~/Desktop/Cloud Computing/devops-assignment3 (master)
$ git commit -m "Added file1"
[master 9d74ea4] Added file1
 1 file changed, 1 insertion(+)
 create mode 100644 file1.txt

Soham@LAPTOP-45455JQ2 MINGW64 ~/Desktop/Cloud Computing/devops-assignment3 (master)
$ git add file2.txt
fatal: pathspec 'file2.txt' did not match any files

Soham@LAPTOP-45455JQ2 MINGW64 ~/Desktop/Cloud Computing/devops-assignment3 (master)
$ git commit -m "Added file2"
On branch master
Untracked files:
  (use "git add <file>..." to include in what will be committed)
        file.txt

nothing added to commit but untracked files present (use "git add" to track)

Soham@LAPTOP-45455JQ2 MINGW64 ~/Desktop/Cloud Computing/devops-assignment3 (master)
$ echo "This is file2" >file2.txt

Soham@LAPTOP-45455JQ2 MINGW64 ~/Desktop/Cloud Computing/devops-assignment3 (master)
$ git add file2.txt
warning: in the working copy of 'file2.txt', LF will be replaced by CRLF the next time Git touches it

Soham@LAPTOP-45455JQ2 MINGW64 ~/Desktop/Cloud Computing/devops-assignment3 (master)
$ git commit -m"Added file2"
[master 82cf78e] Added file2
 1 file changed, 1 insertion(+)
 create mode 100644 file2.txt

Soham@LAPTOP-45455JQ2 MINGW64 ~/Desktop/Cloud Computing/devops-assignment3 (master)
$ git status
On branch master
Untracked files:
  (use "git add <file>..." to include in what will be committed)
        file.txt

nothing added to commit but untracked files present (use "git add" to track)

Soham@LAPTOP-45455JQ2 MINGW64 ~/Desktop/Cloud Computing/devops-assignment3 (master)
$ git log
commit 82cf78ed30f7e1ce58b679a0e6dc106b369ac084 (HEAD -> master)
Author: sohamgulhane13 <sohamgulhane007@gmail.com>
Date:   Sat Dec 28 14:09:01 2024 +0530

    Added file2

commit 9d74ea4f4065a35eae5a222419d7af264bb29443
Author: sohamgulhane13 <sohamgulhane007@gmail.com>
Date:   Sat Dec 28 14:06:23 2024 +0530

    Added file1

commit a7d15e25093b73b6fd8d4e4dd140063afa6a7841
Author: sohamgulhane13 <sohamgulhane007@gmail.com>
Date:   Sat Dec 28 14:05:31 2024 +0530

    Initial commit

Soham@LAPTOP-45455JQ2 MINGW64 ~/Desktop/Cloud Computing/devops-assignment3 (master)
$ git branch fetaure-branch

Soham@LAPTOP-45455JQ2 MINGW64 ~/Desktop/Cloud Computing/devops-assignment3 (master)
$ git checkout feature-branch
error: pathspec 'feature-branch' did not match any file(s) known to git

Soham@LAPTOP-45455JQ2 MINGW64 ~/Desktop/Cloud Computing/devops-assignment3 (master)
$ git branch feature-branch

Soham@LAPTOP-45455JQ2 MINGW64 ~/Desktop/Cloud Computing/devops-assignment3 (master)
$ git checkout feature-branch
Switched to branch 'feature-branch'

Soham@LAPTOP-45455JQ2 MINGW64 ~/Desktop/Cloud Computing/devops-assignment3 (feature-branch)
$ echo"This is a feature branch file" > feature.txt
bash: echoThis is a feature branch file: command not found

Soham@LAPTOP-45455JQ2 MINGW64 ~/Desktop/Cloud Computing/devops-assignment3 (feature-branch)
$ git add feature.txt

Soham@LAPTOP-45455JQ2 MINGW64 ~/Desktop/Cloud Computing/devops-assignment3 (feature-branch)
$ git commit -m"Added feature file"
[feature-branch c91faf9] Added feature file
 1 file changed, 0 insertions(+), 0 deletions(-)
 create mode 100644 feature.txt

Soham@LAPTOP-45455JQ2 MINGW64 ~/Desktop/Cloud Computing/devops-assignment3 (feature-branch)
$ git checkout main
error: pathspec 'main' did not match any file(s) known to git

Soham@LAPTOP-45455JQ2 MINGW64 ~/Desktop/Cloud Computing/devops-assignment3 (feature-branch)
$ git merge feature-branch
Already up to date.

Soham@LAPTOP-45455JQ2 MINGW64 ~/Desktop/Cloud Computing/devops-assignment3 (feature-branch)
$ git branch -d feature-branch
error: Cannot delete branch 'feature-branch' checked out at 'C:/Users/Soham/Desktop/Cloud Computing/devops-assignment3'

Soham@LAPTOP-45455JQ2 MINGW64 ~/Desktop/Cloud Computing/devops-assignment3 (feature-branch)
$ ^C

Soham@LAPTOP-45455JQ2 MINGW64 ~/Desktop/Cloud Computing/devops-assignment3 (feature-branch)
$ git branch
* feature-branch
  fetaure-branch
  master

Soham@LAPTOP-45455JQ2 MINGW64 ~/Desktop/Cloud Computing/devops-assignment3 (feature-branch)
$ git checkout master
Switched to branch 'master'

Soham@LAPTOP-45455JQ2 MINGW64 ~/Desktop/Cloud Computing/devops-assignment3 (master)
$ git branch -d feature-branch
error: The branch 'feature-branch' is not fully merged.
If you are sure you want to delete it, run 'git branch -D feature-branch'.

Soham@LAPTOP-45455JQ2 MINGW64 ~/Desktop/Cloud Computing/devops-assignment3 (master)
$ git branch -D feature-branch
Deleted branch feature-branch (was c91faf9).

Soham@LAPTOP-45455JQ2 MINGW64 ~/Desktop/Cloud Computing/devops-assignment3 (master)
$ git clone https://github.com/sohamgulhane13/DevOps-Internship-cloud-computing-.git
Cloning into 'DevOps-Internship-cloud-computing-'...
remote: Enumerating objects: 3, done.
remote: Counting objects: 100% (3/3), done.
remote: Compressing objects: 100% (2/2), done.
remote: Total 3 (delta 0), reused 0 (delta 0), pack-reused 0 (from 0)
Receiving objects: 100% (3/3), done.

Soham@LAPTOP-45455JQ2 MINGW64 ~/Desktop/Cloud Computing/devops-assignment3 (master)
$ cd DevOps-Internship-cloud-computing-

Soham@LAPTOP-45455JQ2 MINGW64 ~/Desktop/Cloud Computing/devops-assignment3/DevOps-Internship-cloud-computing- (main)
$ echo "My contribution" >> README.md

Soham@LAPTOP-45455JQ2 MINGW64 ~/Desktop/Cloud Computing/devops-assignment3/DevOps-Internship-cloud-computing- (main)
$ git add README.md
warning: in the working copy of 'README.md', LF will be replaced by CRLF the next time Git touches it

Soham@LAPTOP-45455JQ2 MINGW64 ~/Desktop/Cloud Computing/devops-assignment3/DevOps-Internship-cloud-computing- (main)
$ git commit -m "Added my contribution"
[main d6533ce] Added my contribution
 1 file changed, 1 insertion(+)

Soham@LAPTOP-45455JQ2 MINGW64 ~/Desktop/Cloud Computing/devops-assignment3/DevOps-Internship-cloud-computing- (main)
$ git push origin master
error: src refspec master does not match any
error: failed to push some refs to 'https://github.com/sohamgulhane13/DevOps-Internship-cloud-computing-.git'

Soham@LAPTOP-45455JQ2 MINGW64 ~/Desktop/Cloud Computing/devops-assignment3/DevOps-Internship-cloud-computing- (main)
$ git push origin main
Enumerating objects: 5, done.
Counting objects: 100% (5/5), done.
Delta compression using up to 4 threads
Compressing objects: 100% (2/2), done.
Writing objects: 100% (3/3), 315 bytes | 157.00 KiB/s, done.
Total 3 (delta 0), reused 0 (delta 0), pack-reused 0
To https://github.com/sohamgulhane13/DevOps-Internship-cloud-computing-.git
   3613c7d..d6533ce  main -> main

Soham@LAPTOP-45455JQ2 MINGW64 ~/Desktop/Cloud Computing/devops-assignment3/DevOps-Internship-cloud-computing- (main)
$ git remote add origin https://github.com/sohamgulhane13/DevOps-Internship-cloud-computing-.git
error: remote origin already exists.

Soham@LAPTOP-45455JQ2 MINGW64 ~/Desktop/Cloud Computing/devops-assignment3/DevOps-Internship-cloud-computing- (main)
$ git remote set-url origin https://github.com/sohamgulhane13/DevOps-Internship-cloud-computing-.git

Soham@LAPTOP-45455JQ2 MINGW64 ~/Desktop/Cloud Computing/devops-assignment3/DevOps-Internship-cloud-computing- (main)
$ git remote remove origin

Soham@LAPTOP-45455JQ2 MINGW64 ~/Desktop/Cloud Computing/devops-assignment3/DevOps-Internship-cloud-computing- (main)
$ git remote add origin https://github.com/sohamgulhane13/DevOps-Internship-cloud-computing-.git

Soham@LAPTOP-45455JQ2 MINGW64 ~/Desktop/Cloud Computing/devops-assignment3/DevOps-Internship-cloud-computing- (main)
$ git remote -v
origin  https://github.com/sohamgulhane13/DevOps-Internship-cloud-computing-.git (fetch)
origin  https://github.com/sohamgulhane13/DevOps-Internship-cloud-computing-.git (push)

Soham@LAPTOP-45455JQ2 MINGW64 ~/Desktop/Cloud Computing/devops-assignment3/DevOps-Internship-cloud-computing- (main)
$ git branch branch1

Soham@LAPTOP-45455JQ2 MINGW64 ~/Desktop/Cloud Computing/devops-assignment3/DevOps-Internship-cloud-computing- (main)
$ git branch branch2

Soham@LAPTOP-45455JQ2 MINGW64 ~/Desktop/Cloud Computing/devops-assignment3/DevOps-Internship-cloud-computing- (main)
$ git checkout branch1
Switched to branch 'branch1'

Soham@LAPTOP-45455JQ2 MINGW64 ~/Desktop/Cloud Computing/devops-assignment3/DevOps-Internship-cloud-computing- (branch1)
$ echo "Change from branch1' >> file1.txt
> ^C

Soham@LAPTOP-45455JQ2 MINGW64 ~/Desktop/Cloud Computing/devops-assignment3/DevOps-Internship-cloud-computing- (branch1)
$ echo "Change from branch1" >> file1.txt

Soham@LAPTOP-45455JQ2 MINGW64 ~/Desktop/Cloud Computing/devops-assignment3/DevOps-Internship-cloud-computing- (branch1)
$ git add file1.txt
warning: in the working copy of 'file1.txt', LF will be replaced by CRLF the next time Git touches it

Soham@LAPTOP-45455JQ2 MINGW64 ~/Desktop/Cloud Computing/devops-assignment3/DevOps-Internship-cloud-computing- (branch1)
$ git commit -m "Change from branch1"
[branch1 622dfd7] Change from branch1
 1 file changed, 1 insertion(+)
 create mode 100644 file1.txt

Soham@LAPTOP-45455JQ2 MINGW64 ~/Desktop/Cloud Computing/devops-assignment3/DevOps-Internship-cloud-computing- (branch1)
$ git checkout branch2
Switched to branch 'branch2'

Soham@LAPTOP-45455JQ2 MINGW64 ~/Desktop/Cloud Computing/devops-assignment3/DevOps-Internship-cloud-computing- (branch2)
$ echo "Conflicting change from branch2" >> file1.txt

Soham@LAPTOP-45455JQ2 MINGW64 ~/Desktop/Cloud Computing/devops-assignment3/DevOps-Internship-cloud-computing- (branch2)
$ git add file1.txt
warning: in the working copy of 'file1.txt', LF will be replaced by CRLF the next time Git touches it

Soham@LAPTOP-45455JQ2 MINGW64 ~/Desktop/Cloud Computing/devops-assignment3/DevOps-Internship-cloud-computing- (branch2)
$ git commit -m "Conflicting change from branch2"
[branch2 1e29836] Conflicting change from branch2
 1 file changed, 1 insertion(+)
 create mode 100644 file1.txt

Soham@LAPTOP-45455JQ2 MINGW64 ~/Desktop/Cloud Computing/devops-assignment3/DevOps-Internship-cloud-computing- (branch2)
$ git checkout branch1
Switched to branch 'branch1'

Soham@LAPTOP-45455JQ2 MINGW64 ~/Desktop/Cloud Computing/devops-assignment3/DevOps-Internship-cloud-computing- (branch1)
$ git merge branch2
Auto-merging file1.txt
CONFLICT (add/add): Merge conflict in file1.txt
Automatic merge failed; fix conflicts and then commit the result.

Soham@LAPTOP-45455JQ2 MINGW64 ~/Desktop/Cloud Computing/devops-assignment3/DevOps-Internship-cloud-computing- (branch1|MERGING)
$ git add file1.txt
git commit -m "Resolved merge conflict"
[branch1 e9383b2] Resolved merge conflict

Soham@LAPTOP-45455JQ2 MINGW64 ~/Desktop/Cloud Computing/devops-assignment3/DevOps-Internship-cloud-computing- (branch1)
$ cd DevOps-Internship-cloud-computing-
bash: cd: DevOps-Internship-cloud-computing-: No such file or directory

Soham@LAPTOP-45455JQ2 MINGW64 ~/Desktop/Cloud Computing/devops-assignment3/DevOps-Internship-cloud-computing- (branch1)
$ echo"My changes to the product" >> README.md
bash: echoMy changes to the product: command not found

Soham@LAPTOP-45455JQ2 MINGW64 ~/Desktop/Cloud Computing/devops-assignment3/DevOps-Internship-cloud-computing- (branch1)
$ echo "My changes to the project" >> README.md

Soham@LAPTOP-45455JQ2 MINGW64 ~/Desktop/Cloud Computing/devops-assignment3/DevOps-Internship-cloud-computing- (branch1)
$ git add README.md
warning: in the working copy of 'README.md', LF will be replaced by CRLF the next time Git touches it

Soham@LAPTOP-45455JQ2 MINGW64 ~/Desktop/Cloud Computing/devops-assignment3/DevOps-Internship-cloud-computing- (branch1)
$ git commit -m "Updated README.md"
[branch1 c294bb6] Updated README.md
 1 file changed, 1 insertion(+)

Soham@LAPTOP-45455JQ2 MINGW64 ~/Desktop/Cloud Computing/devops-assignment3/DevOps-Internship-cloud-computing- (branch1)
$ git push origin main
Everything up-to-date

Soham@LAPTOP-45455JQ2 MINGW64 ~/Desktop/Cloud Computing/devops-assignment3/DevOps-Internship-cloud-computing- (branch1)
$ git push origin branch1
Enumerating objects: 14, done.
Counting objects: 100% (14/14), done.
Delta compression using up to 4 threads
Compressing objects: 100% (10/10), done.
Writing objects: 100% (12/12), 1.13 KiB | 193.00 KiB/s, done.
Total 12 (delta 2), reused 0 (delta 0), pack-reused 0
remote: Resolving deltas: 100% (2/2), completed with 1 local object.
remote:
remote: Create a pull request for 'branch1' on GitHub by visiting:
remote:      https://github.com/sohamgulhane13/DevOps-Internship-cloud-computing-/pull/new/branch1
remote:
To https://github.com/sohamgulhane13/DevOps-Internship-cloud-computing-.git
 * [new branch]      branch1 -> branch1

Soham@LAPTOP-45455JQ2 MINGW64 ~/Desktop/Cloud Computing/devops-assignment3/DevOps-Internship-cloud-computing- (branch1)
$ git checkout main
Switched to branch 'main'

Soham@LAPTOP-45455JQ2 MINGW64 ~/Desktop/Cloud Computing/devops-assignment3/DevOps-Internship-cloud-computing- (main)
$ git merge branch1
Updating d6533ce..c294bb6
Fast-forward
 README.md | 1 +
 file1.txt | 3 +++
 2 files changed, 4 insertions(+)
 create mode 100644 file1.txt

Soham@LAPTOP-45455JQ2 MINGW64 ~/Desktop/Cloud Computing/devops-assignment3/DevOps-Internship-cloud-computing- (main)
$ git push origin main
Total 0 (delta 0), reused 0 (delta 0), pack-reused 0
To https://github.com/sohamgulhane13/DevOps-Internship-cloud-computing-.git
   d6533ce..c294bb6  main -> main

Soham@LAPTOP-45455JQ2 MINGW64 ~/Desktop/Cloud Computing/devops-assignment3/DevOps-Internship-cloud-computing- (main)
$ git branch -r
  origin/branch1
  origin/main

Soham@LAPTOP-45455JQ2 MINGW64 ~/Desktop/Cloud Computing/devops-assignment3/DevOps-Internship-cloud-computing- (main)
$

